
Allocating common symbols
Common symbol       size              file

g_queue_slots       0x30              system.o
g_proc_table        0x54              system.o
gp_mem_pool_list    0x80              memory.o
old_stack           0x4               /tmp/cc8PZMIy.o
g_priority_queues   0x28              system.o
gp_mem_pool_lookup  0x80              memory.o
main_stack          0x1000            /tmp/cc8PZMIy.o
g_current_process   0x4               system.o

Memory Configuration

Name             Origin             Length             Attributes
ram              0x10100000         0x00100000
*default*        0x00000000         0xffffffff

Linker script and memory map

LOAD /tmp/cc8PZMIy.o
LOAD /tmp/ccOUchd0.o
LOAD dbug.o
LOAD Hex_to_ASCII.o
LOAD null_process.o
LOAD dummy_processes.o
LOAD system.o
LOAD memory.o
LOAD main.o
START GROUP
LOAD /opt/gcc-coldfire/bin/../lib/gcc/m68k-elf/4.3.2/m5307/libgcc.a
END GROUP
                0x00000000                __DYNAMIC = 0x0
                0x00000000                PROVIDE (hardware_init_hook, 0x0)
                0x00000000                PROVIDE (_hardware_init_hook, 0x0)
                0x00000000                PROVIDE (software_init_hook, 0x0)
                0x00000000                PROVIDE (_software_init_hook, 0x0)

.text           0x10100000     0x1003
 *(.text)
 .text          0x10100000       0x1e /tmp/cc8PZMIy.o
 *fill*         0x1010001e        0x2 00
 .text          0x10100020       0x54 /tmp/ccOUchd0.o
                0x10100020                asm_trap_entry
 .text          0x10100074       0x9a dbug.o
                0x10100094                rtx_dbug_outs
                0x10100074                rtx_dbug_out_char
 *fill*         0x1010010e        0x2 00
 .text          0x10100110      0x126 Hex_to_ASCII.o
                0x10100110                printHexAddress
 *fill*         0x10100236        0x2 00
 .text          0x10100238       0x1a null_process.o
                0x10100238                null_process
 *fill*         0x10100252        0x2 00
 .text          0x10100254       0x90 dummy_processes.o
                0x101002b4                test_proc_5
                0x1010029c                test_proc_4
                0x10100284                test_proc_3
                0x10100254                test_proc_1
                0x1010026c                test_proc_2
                0x101002cc                test_proc_6
 .text          0x101002e4      0xb08 system.o
                0x101002e4                sys_init
                0x101007a2                iterate
                0x10100d6a                get_process_priority
                0x10100aa6                set_process_priority
                0x10100856                send_message
                0x10100694                scheduler
                0x10100872                pop
                0x10100868                receive_message
                0x1010075a                release_processor
                0x10100976                push
 .text          0x10100dec      0x14a memory.o
                0x10100ebc                s_release_memory_block
                0x10100dec                init_memory
                0x10100e4c                s_request_memory_block
 *fill*         0x10100f36        0x2 00
 .text          0x10100f38       0x1a main.o
                0x10100f38                __main
                0x10100f42                main
                0x10100f54                . = ALIGN (0x4)
 *fill*         0x10100f52        0x2 00
                0x10100f54                __CTOR_LIST__ = .
                0x10100f54        0x4 LONG 0x0 (((__CTOR_END__ - __CTOR_LIST__) / 0x4) - 0x2)
 *(.ctors)
                0x10100f58        0x4 LONG 0x0
                0x10100f5c                __CTOR_END__ = .
                0x10100f5c                __DTOR_LIST__ = .
                0x10100f5c        0x4 LONG 0x0 (((__DTOR_END__ - __DTOR_LIST__) / 0x4) - 0x2)
 *(.dtors)
                0x10100f60        0x4 LONG 0x0
                0x10100f64                __DTOR_END__ = .
 *(.rodata*)
 .rodata        0x10100f64        0x3 Hex_to_ASCII.o
 .rodata        0x10100f67        0x4 null_process.o
 *fill*         0x10100f6b        0x1 00
 .rodata        0x10100f6c       0x87 system.o
                0x10100f6c                process_init_table
 *(.gcc_except_table)
                0x10100ff3                __INIT_SECTION__ = .
                0x10100ff3        0x4 LONG 0x4e560000
 *(.init)
                0x10100ff7        0x2 SHORT 0x4e5e
                0x10100ff9        0x2 SHORT 0x4e75
                0x10100ffb                __FINI_SECTION__ = .
                0x10100ffb        0x4 LONG 0x4e560000
 *(.fini)
                0x10100fff        0x2 SHORT 0x4e5e
                0x10101001        0x2 SHORT 0x4e75
                0x10101003                _etext = .
 *(.lit)

.data           0x10101004        0x8
 *(.shdata)
 *(.data)
 .data          0x10101004        0x0 /tmp/cc8PZMIy.o
 .data          0x10101004        0x0 /tmp/ccOUchd0.o
 .data          0x10101004        0x0 dbug.o
 .data          0x10101004        0x0 Hex_to_ASCII.o
 .data          0x10101004        0x0 null_process.o
 .data          0x10101004        0x0 dummy_processes.o
 .data          0x10101004        0x6 system.o
                0x10101004                g_first_run
                0x10101006                g_free_mem
 *fill*         0x1010100a        0x2 00
 .data          0x1010100c        0x0 memory.o
 .data          0x1010100c        0x0 main.o
                0x1010100c                _edata = .

.bss            0x1010100c     0x11d4
                0x1010100c                __bss_start = .
 *(.shbss)
 *(.bss)
 .bss           0x1010100c        0x0 /tmp/cc8PZMIy.o
 .bss           0x1010100c        0x0 /tmp/ccOUchd0.o
 .bss           0x1010100c        0x0 dbug.o
 .bss           0x1010100c        0x0 Hex_to_ASCII.o
 .bss           0x1010100c        0x0 null_process.o
 .bss           0x1010100c        0x0 dummy_processes.o
 .bss           0x1010100c        0x8 system.o
                0x10101010                g_asmBridge
                0x1010100c                g_kernelStack
 .bss           0x10101014        0x0 memory.o
 .bss           0x10101014        0x0 main.o
 *(COMMON)
 *fill*         0x10101014        0xc 00
 COMMON         0x10101020     0x1010 /tmp/cc8PZMIy.o
                0x10101020                old_stack
                0x10101030                main_stack
 COMMON         0x10102030       0xb0 system.o
                0x10102030                g_queue_slots
                0x10102060                g_proc_table
                0x101020b4                g_priority_queues
                0x101020dc                g_current_process
 COMMON         0x101020e0      0x100 memory.o
                0x101020e0                gp_mem_pool_list
                0x10102160                gp_mem_pool_lookup
                0x101021e0                _end = ALIGN (0x8)
                0x101021e0                __end = _end

.stab
 *(.stab)

.stabstr
 *(.stabstr)

__REGISTER_RTX__
                0x10300000        0x0
                0x10300000                __REGISTER_RTX_ENTRY__ = <code 345> (.)
 *(__REGISTER_RTX__)
                0x10380000                __REGISTER_TEST_PROCS_ENTRY__ = 0x10380000
                0x10400000                __RTX_TEST_CODE_ENTRY__ = 0x10400000

__RTX_TEST_DATA__
 *(__RTX_TEST_DATA__)
OUTPUT(main.bin elf32-m68k)

.comment        0x00000000      0x111
 .comment       0x00000000       0x27 dbug.o
 .comment       0x00000027       0x27 Hex_to_ASCII.o
 .comment       0x0000004e       0x27 null_process.o
 .comment       0x00000075       0x27 dummy_processes.o
 .comment       0x0000009c       0x27 system.o
 .comment       0x000000c3       0x27 memory.o
 .comment       0x000000ea       0x27 main.o
