
Allocating common symbols
Common symbol       size              file

g_test_proc_table   0x54              system.o
g_priority_ready_tracker
                    0x8               system.o
g_priority_ready    0x150             system.o
gp_mem_pool_list    0x80              memory.o
old_stack           0x4               /tmp/ccn1DeKf.o
gp_mem_pool_lookup  0x80              memory.o
main_stack          0x1000            /tmp/ccn1DeKf.o
g_null_proc         0xe               system.o
g_current_process   0x4               system.o

Memory Configuration

Name             Origin             Length             Attributes
ram              0x10100000         0x00100000
*default*        0x00000000         0xffffffff

Linker script and memory map

LOAD /tmp/ccn1DeKf.o
LOAD /tmp/cc6qhJfo.o
LOAD dbug.o
LOAD Hex_to_ASCII.o
LOAD null_process.o
LOAD dummy_processes.o
LOAD system.o
LOAD memory.o
LOAD main.o
START GROUP
LOAD /opt/gcc-coldfire/bin/../lib/gcc/m68k-elf/4.3.2/m5307/libgcc.a
END GROUP
                0x00000000                __DYNAMIC = 0x0
                0x00000000                PROVIDE (hardware_init_hook, 0x0)
                0x00000000                PROVIDE (_hardware_init_hook, 0x0)
                0x00000000                PROVIDE (software_init_hook, 0x0)
                0x00000000                PROVIDE (_software_init_hook, 0x0)

.text           0x10100000      0xe46
 *(.text)
 .text          0x10100000       0x1e /tmp/ccn1DeKf.o
 *fill*         0x1010001e        0x2 00
 .text          0x10100020       0x54 /tmp/cc6qhJfo.o
                0x10100020                asm_trap_entry
 .text          0x10100074       0x9a dbug.o
                0x10100094                rtx_dbug_outs
                0x10100074                rtx_dbug_out_char
 *fill*         0x1010010e        0x2 00
 .text          0x10100110      0x126 Hex_to_ASCII.o
                0x10100110                printHexAddress
 *fill*         0x10100236        0x2 00
 .text          0x10100238       0x1a null_process.o
                0x10100238                null_process
 *fill*         0x10100252        0x2 00
 .text          0x10100254       0x9c dummy_processes.o
                0x101002bc                test_proc_5
                0x101002a2                test_proc_4
                0x10100288                test_proc_3
                0x10100254                test_proc_1
                0x1010026e                test_proc_2
                0x101002d6                test_proc_6
 .text          0x101002f0      0x960 system.o
                0x101002f0                sys_init
                0x10100828                get_process_priority
                0x10100798                set_process_priority
                0x1010077c                send_message
                0x10100664                scheduler
                0x101008aa                pop
                0x1010078e                receive_message
                0x10100736                release_processor
                0x1010097c                push
 .text          0x10100c50      0x14a memory.o
                0x10100d20                s_release_memory_block
                0x10100c50                init_memory
                0x10100cb0                s_request_memory_block
 *fill*         0x10100d9a        0x2 00
 .text          0x10100d9c       0x1a main.o
                0x10100d9c                __main
                0x10100da6                main
                0x10100db8                . = ALIGN (0x4)
 *fill*         0x10100db6        0x2 00
                0x10100db8                __CTOR_LIST__ = .
                0x10100db8        0x4 LONG 0x0 (((__CTOR_END__ - __CTOR_LIST__) / 0x4) - 0x2)
 *(.ctors)
                0x10100dbc        0x4 LONG 0x0
                0x10100dc0                __CTOR_END__ = .
                0x10100dc0                __DTOR_LIST__ = .
                0x10100dc0        0x4 LONG 0x0 (((__DTOR_END__ - __DTOR_LIST__) / 0x4) - 0x2)
 *(.dtors)
                0x10100dc4        0x4 LONG 0x0
                0x10100dc8                __DTOR_END__ = .
 *(.rodata*)
 .rodata        0x10100dc8        0x3 Hex_to_ASCII.o
 .rodata        0x10100dcb        0xf null_process.o
 .rodata        0x10100dda       0x18 dummy_processes.o
 .rodata        0x10100df2       0x44 system.o
 *(.gcc_except_table)
                0x10100e36                __INIT_SECTION__ = .
                0x10100e36        0x4 LONG 0x4e560000
 *(.init)
                0x10100e3a        0x2 SHORT 0x4e5e
                0x10100e3c        0x2 SHORT 0x4e75
                0x10100e3e                __FINI_SECTION__ = .
                0x10100e3e        0x4 LONG 0x4e560000
 *(.fini)
                0x10100e42        0x2 SHORT 0x4e5e
                0x10100e44        0x2 SHORT 0x4e75
                0x10100e46                _etext = .
 *(.lit)

.data           0x10100e48        0x4
 *(.shdata)
 *(.data)
 .data          0x10100e48        0x0 /tmp/ccn1DeKf.o
 .data          0x10100e48        0x0 /tmp/cc6qhJfo.o
 .data          0x10100e48        0x0 dbug.o
 .data          0x10100e48        0x0 Hex_to_ASCII.o
 .data          0x10100e48        0x0 null_process.o
 .data          0x10100e48        0x0 dummy_processes.o
 .data          0x10100e48        0x1 system.o
                0x10100e48                g_first_run
 *fill*         0x10100e49        0x3 00
 .data          0x10100e4c        0x0 memory.o
 .data          0x10100e4c        0x0 main.o
                0x10100e4c                _edata = .

.bss            0x10100e4c     0x12e2
                0x10100e4c                __bss_start = .
 *(.shbss)
 *(.bss)
 .bss           0x10100e4c        0x0 /tmp/ccn1DeKf.o
 .bss           0x10100e4c        0x0 /tmp/cc6qhJfo.o
 .bss           0x10100e4c        0x0 dbug.o
 .bss           0x10100e4c        0x0 Hex_to_ASCII.o
 .bss           0x10100e4c        0x0 null_process.o
 .bss           0x10100e4c        0x0 dummy_processes.o
 .bss           0x10100e4c        0x8 system.o
                0x10100e4c                g_asmBridge
                0x10100e50                g_kernelStack
 .bss           0x10100e54        0x0 memory.o
 .bss           0x10100e54        0x0 main.o
 *(COMMON)
 *fill*         0x10100e54        0xc 00
 COMMON         0x10100e60     0x1010 /tmp/ccn1DeKf.o
                0x10100e60                old_stack
                0x10100e70                main_stack
 COMMON         0x10101e70      0x1be system.o
                0x10101e70                g_test_proc_table
                0x10101ec4                g_priority_ready_tracker
                0x10101ecc                g_priority_ready
                0x1010201c                g_null_proc
                0x1010202a                g_current_process
 COMMON         0x1010202e      0x100 memory.o
                0x1010202e                gp_mem_pool_list
                0x101020ae                gp_mem_pool_lookup
                0x10102130                _end = ALIGN (0x8)
                0x10102130                __end = _end

.stab
 *(.stab)

.stabstr
 *(.stabstr)

__REGISTER_RTX__
                0x10300000        0x0
                0x10300000                __REGISTER_RTX_ENTRY__ = <code 345> (.)
 *(__REGISTER_RTX__)
                0x10380000                __REGISTER_TEST_PROCS_ENTRY__ = 0x10380000
                0x10400000                __RTX_TEST_CODE_ENTRY__ = 0x10400000

__RTX_TEST_DATA__
 *(__RTX_TEST_DATA__)
OUTPUT(main.bin elf32-m68k)

.comment        0x00000000      0x111
 .comment       0x00000000       0x27 dbug.o
 .comment       0x00000027       0x27 Hex_to_ASCII.o
 .comment       0x0000004e       0x27 null_process.o
 .comment       0x00000075       0x27 dummy_processes.o
 .comment       0x0000009c       0x27 system.o
 .comment       0x000000c3       0x27 memory.o
 .comment       0x000000ea       0x27 main.o
