
Allocating common symbols
Common symbol       size              file

g_test_proc_table   0x1d4             main.o
g_priority          0x32              main.o
gp_mem_pool_list    0x80              memory.o
old_stack           0x4               /tmp/ccLJ9ql2.o
gp_mem_pool_lookup  0x80              memory.o
main_stack          0x1000            /tmp/ccLJ9ql2.o

Memory Configuration

Name             Origin             Length             Attributes
ram              0x10100000         0x00100000
*default*        0x00000000         0xffffffff

Linker script and memory map

LOAD /tmp/ccLJ9ql2.o
LOAD dbug.o
LOAD Hex_to_ASCII.o
LOAD memory.o
LOAD main.o
START GROUP
LOAD /opt/gcc-coldfire/bin/../lib/gcc/m68k-elf/4.3.2/m5307/libgcc.a
END GROUP
                0x00000000                __DYNAMIC = 0x0
                0x00000000                PROVIDE (hardware_init_hook, 0x0)
                0x00000000                PROVIDE (_hardware_init_hook, 0x0)
                0x00000000                PROVIDE (software_init_hook, 0x0)
                0x00000000                PROVIDE (_software_init_hook, 0x0)

.text           0x10100000      0x737
 *(.text)
 .text          0x10100000       0x1e /tmp/ccLJ9ql2.o
 *fill*         0x1010001e        0x2 00
 .text          0x10100020       0x9a dbug.o
                0x10100040                rtx_dbug_outs
                0x10100020                rtx_dbug_out_char
 *fill*         0x101000ba        0x2 00
 .text          0x101000bc      0x126 Hex_to_ASCII.o
                0x101000bc                printHexAddress
 *fill*         0x101001e2        0x2 00
 .text          0x101001e4      0x14a memory.o
                0x101002b4                s_release_memory_block
                0x101001e4                init_memory
                0x10100244                s_request_memory_block
 *fill*         0x1010032e        0x2 00
 .text          0x10100330      0x3e2 main.o
                0x101006fe                __main
                0x10100350                test_proc_5
                0x10100348                test_proc_4
                0x10100340                test_proc_3
                0x10100360                sys_init
                0x1010054e                get_process_priority
                0x101004c6                set_process_priority
                0x101004aa                send_message
                0x10100330                test_proc_1
                0x10100496                scheduler
                0x1010069c                find_pid
                0x101005c8                pop
                0x10100708                main
                0x10100338                test_proc_2
                0x101004bc                receive_message
                0x101004a0                release_processor
                0x10100358                test_proc_6
                0x10100628                push
                0x10100714                . = ALIGN (0x4)
 *fill*         0x10100712        0x2 00
                0x10100714                __CTOR_LIST__ = .
                0x10100714        0x4 LONG 0x0 (((__CTOR_END__ - __CTOR_LIST__) / 0x4) - 0x2)
 *(.ctors)
                0x10100718        0x4 LONG 0x0
                0x1010071c                __CTOR_END__ = .
                0x1010071c                __DTOR_LIST__ = .
                0x1010071c        0x4 LONG 0x0 (((__DTOR_END__ - __DTOR_LIST__) / 0x4) - 0x2)
 *(.dtors)
                0x10100720        0x4 LONG 0x0
                0x10100724                __DTOR_END__ = .
 *(.rodata*)
 .rodata        0x10100724        0x3 Hex_to_ASCII.o
 *(.gcc_except_table)
                0x10100727                __INIT_SECTION__ = .
                0x10100727        0x4 LONG 0x4e560000
 *(.init)
                0x1010072b        0x2 SHORT 0x4e5e
                0x1010072d        0x2 SHORT 0x4e75
                0x1010072f                __FINI_SECTION__ = .
                0x1010072f        0x4 LONG 0x4e560000
 *(.fini)
                0x10100733        0x2 SHORT 0x4e5e
                0x10100735        0x2 SHORT 0x4e75
                0x10100737                _etext = .
 *(.lit)

.data           0x10100738        0x0
 *(.shdata)
 *(.data)
 .data          0x10100738        0x0 /tmp/ccLJ9ql2.o
 .data          0x10100738        0x0 dbug.o
 .data          0x10100738        0x0 Hex_to_ASCII.o
 .data          0x10100738        0x0 memory.o
 .data          0x10100738        0x0 main.o
                0x10100738                _edata = .

.bss            0x10100738     0x131e
                0x10100738                __bss_start = .
 *(.shbss)
 *(.bss)
 .bss           0x10100738        0x0 /tmp/ccLJ9ql2.o
 .bss           0x10100738        0x0 dbug.o
 .bss           0x10100738        0x0 Hex_to_ASCII.o
 .bss           0x10100738        0x0 memory.o
 .bss           0x10100738        0x0 main.o
 *(COMMON)
 *fill*         0x10100738        0x8 00
 COMMON         0x10100740     0x1010 /tmp/ccLJ9ql2.o
                0x10100740                old_stack
                0x10100750                main_stack
 COMMON         0x10101750      0x100 memory.o
                0x10101750                gp_mem_pool_list
                0x101017d0                gp_mem_pool_lookup
 COMMON         0x10101850      0x206 main.o
                0x10101850                g_test_proc_table
                0x10101a24                g_priority
                0x10101a58                _end = ALIGN (0x8)
                0x10101a58                __end = _end

.stab
 *(.stab)

.stabstr
 *(.stabstr)

__REGISTER_RTX__
                0x10300000        0x0
                0x10300000                __REGISTER_RTX_ENTRY__ = <code 345> (.)
 *(__REGISTER_RTX__)
                0x10380000                __REGISTER_TEST_PROCS_ENTRY__ = 0x10380000
                0x10400000                __RTX_TEST_CODE_ENTRY__ = 0x10400000

__RTX_TEST_DATA__
 *(__RTX_TEST_DATA__)
OUTPUT(main.bin elf32-m68k)

.comment        0x00000000       0x9c
 .comment       0x00000000       0x27 dbug.o
 .comment       0x00000027       0x27 Hex_to_ASCII.o
 .comment       0x0000004e       0x27 memory.o
 .comment       0x00000075       0x27 main.o
