
Allocating common symbols
Common symbol       size              file

g_queue_slots       0x30              system.o
g_test_proc_table   0x54              system.o
g_priority_ready_tracker
                    0x8               system.o
g_priority_ready    0x150             system.o
gp_mem_pool_list    0x80              memory.o
old_stack           0x4               /tmp/ccZKxQV4.o
g_priority_queues   0x20              system.o
gp_mem_pool_lookup  0x80              memory.o
main_stack          0x1000            /tmp/ccZKxQV4.o
g_null_proc         0xe               system.o
g_current_process   0x4               system.o

Memory Configuration

Name             Origin             Length             Attributes
ram              0x10100000         0x00100000
*default*        0x00000000         0xffffffff

Linker script and memory map

LOAD /tmp/ccZKxQV4.o
LOAD /tmp/ccCPfWh0.o
LOAD dbug.o
LOAD Hex_to_ASCII.o
LOAD null_process.o
LOAD dummy_processes.o
LOAD system.o
LOAD memory.o
LOAD main.o
START GROUP
LOAD /opt/gcc-coldfire/bin/../lib/gcc/m68k-elf/4.3.2/m5307/libgcc.a
END GROUP
                0x00000000                __DYNAMIC = 0x0
                0x00000000                PROVIDE (hardware_init_hook, 0x0)
                0x00000000                PROVIDE (_hardware_init_hook, 0x0)
                0x00000000                PROVIDE (software_init_hook, 0x0)
                0x00000000                PROVIDE (_software_init_hook, 0x0)

.text           0x10100000      0xebd
 *(.text)
 .text          0x10100000       0x1e /tmp/ccZKxQV4.o
 *fill*         0x1010001e        0x2 00
 .text          0x10100020       0x54 /tmp/ccCPfWh0.o
                0x10100020                asm_trap_entry
 .text          0x10100074       0x9a dbug.o
                0x10100094                rtx_dbug_outs
                0x10100074                rtx_dbug_out_char
 *fill*         0x1010010e        0x2 00
 .text          0x10100110      0x126 Hex_to_ASCII.o
                0x10100110                printHexAddress
 *fill*         0x10100236        0x2 00
 .text          0x10100238       0x1a null_process.o
                0x10100238                null_process
 *fill*         0x10100252        0x2 00
 .text          0x10100254       0xa0 dummy_processes.o
                0x101002c4                test_proc_5
                0x101002ac                test_proc_4
                0x10100294                test_proc_3
                0x10100254                test_proc_1
                0x1010027c                test_proc_2
                0x101002dc                test_proc_6
 .text          0x101002f4      0xa30 system.o
                0x101002f4                sys_init
                0x101009ac                iterate
                0x10100a60                set_process_priority
                0x1010075c                send_message
                0x10100636                scheduler
                0x10100778                pop
                0x1010076e                receive_message
                0x10100714                release_processor
                0x1010087c                push
 .text          0x10100d24      0x14a memory.o
                0x10100df4                s_release_memory_block
                0x10100d24                init_memory
                0x10100d84                s_request_memory_block
 *fill*         0x10100e6e        0x2 00
 .text          0x10100e70       0x1a main.o
                0x10100e70                __main
                0x10100e7a                main
                0x10100e8c                . = ALIGN (0x4)
 *fill*         0x10100e8a        0x2 00
                0x10100e8c                __CTOR_LIST__ = .
                0x10100e8c        0x4 LONG 0x0 (((__CTOR_END__ - __CTOR_LIST__) / 0x4) - 0x2)
 *(.ctors)
                0x10100e90        0x4 LONG 0x0
                0x10100e94                __CTOR_END__ = .
                0x10100e94                __DTOR_LIST__ = .
                0x10100e94        0x4 LONG 0x0 (((__DTOR_END__ - __DTOR_LIST__) / 0x4) - 0x2)
 *(.dtors)
                0x10100e98        0x4 LONG 0x0
                0x10100e9c                __DTOR_END__ = .
 *(.rodata*)
 .rodata        0x10100e9c        0x3 Hex_to_ASCII.o
 .rodata        0x10100e9f        0x4 null_process.o
 .rodata        0x10100ea3        0xa system.o
 *(.gcc_except_table)
                0x10100ead                __INIT_SECTION__ = .
                0x10100ead        0x4 LONG 0x4e560000
 *(.init)
                0x10100eb1        0x2 SHORT 0x4e5e
                0x10100eb3        0x2 SHORT 0x4e75
                0x10100eb5                __FINI_SECTION__ = .
                0x10100eb5        0x4 LONG 0x4e560000
 *(.fini)
                0x10100eb9        0x2 SHORT 0x4e5e
                0x10100ebb        0x2 SHORT 0x4e75
                0x10100ebd                _etext = .
 *(.lit)

.data           0x10100ec0        0x4
 *(.shdata)
 *(.data)
 .data          0x10100ec0        0x0 /tmp/ccZKxQV4.o
 .data          0x10100ec0        0x0 /tmp/ccCPfWh0.o
 .data          0x10100ec0        0x0 dbug.o
 .data          0x10100ec0        0x0 Hex_to_ASCII.o
 .data          0x10100ec0        0x0 null_process.o
 .data          0x10100ec0        0x0 dummy_processes.o
 .data          0x10100ec0        0x1 system.o
                0x10100ec0                g_first_run
 *fill*         0x10100ec1        0x3 00
 .data          0x10100ec4        0x0 memory.o
 .data          0x10100ec4        0x0 main.o
                0x10100ec4                _edata = .

.bss            0x10100ec4     0x132a
                0x10100ec4                __bss_start = .
 *(.shbss)
 *(.bss)
 .bss           0x10100ec4        0x0 /tmp/ccZKxQV4.o
 .bss           0x10100ec4        0x0 /tmp/ccCPfWh0.o
 .bss           0x10100ec4        0x0 dbug.o
 .bss           0x10100ec4        0x0 Hex_to_ASCII.o
 .bss           0x10100ec4        0x0 null_process.o
 .bss           0x10100ec4        0x0 dummy_processes.o
 .bss           0x10100ec4        0x8 system.o
                0x10100ec8                g_asmBridge
                0x10100ec4                g_kernelStack
 .bss           0x10100ecc        0x0 memory.o
 .bss           0x10100ecc        0x0 main.o
 *(COMMON)
 *fill*         0x10100ecc        0x4 00
 COMMON         0x10100ed0     0x1010 /tmp/ccZKxQV4.o
                0x10100ed0                old_stack
                0x10100ee0                main_stack
 COMMON         0x10101ee0      0x20e system.o
                0x10101ee0                g_queue_slots
                0x10101f10                g_test_proc_table
                0x10101f64                g_priority_ready_tracker
                0x10101f6c                g_priority_ready
                0x101020bc                g_priority_queues
                0x101020dc                g_null_proc
                0x101020ea                g_current_process
 COMMON         0x101020ee      0x100 memory.o
                0x101020ee                gp_mem_pool_list
                0x1010216e                gp_mem_pool_lookup
                0x101021f0                _end = ALIGN (0x8)
                0x101021f0                __end = _end

.stab
 *(.stab)

.stabstr
 *(.stabstr)

__REGISTER_RTX__
                0x10300000        0x0
                0x10300000                __REGISTER_RTX_ENTRY__ = <code 345> (.)
 *(__REGISTER_RTX__)
                0x10380000                __REGISTER_TEST_PROCS_ENTRY__ = 0x10380000
                0x10400000                __RTX_TEST_CODE_ENTRY__ = 0x10400000

__RTX_TEST_DATA__
 *(__RTX_TEST_DATA__)
OUTPUT(main.bin elf32-m68k)

.comment        0x00000000      0x111
 .comment       0x00000000       0x27 dbug.o
 .comment       0x00000027       0x27 Hex_to_ASCII.o
 .comment       0x0000004e       0x27 null_process.o
 .comment       0x00000075       0x27 dummy_processes.o
 .comment       0x0000009c       0x27 system.o
 .comment       0x000000c3       0x27 memory.o
 .comment       0x000000ea       0x27 main.o
