
Allocating common symbols
Common symbol       size              file

g_queue_slots       0x30              system.o
g_proc_table        0xf0              system.o
g_mem_blocking_queue
                    0x32              system.o
gp_mem_pool_list    0x8               system.o
old_stack           0x4               /tmp/ccUtAaf3.o
g_priority_queues   0x32              system.o
gp_mem_pool_lookup  0x8               system.o
main_stack          0x1000            /tmp/ccUtAaf3.o
g_mem_blocking_queue_slots
                    0x30              system.o
g_current_process   0x4               system.o

Memory Configuration

Name             Origin             Length             Attributes
ram              0x10100000         0x00100000
*default*        0x00000000         0xffffffff

Linker script and memory map

LOAD /tmp/ccUtAaf3.o
LOAD /tmp/ccWEHxcZ.o
LOAD /tmp/ccczolLV.o
LOAD /tmp/ccyGiTxQ.o
LOAD /tmp/cce22K9K.o
LOAD /tmp/cckvo7aG.o
LOAD /tmp/ccigpDxB.o
LOAD /tmp/ccAJJkJw.o
LOAD dbug.o
LOAD Hex_to_ASCII.o
LOAD null_process.o
LOAD dummy_processes.o
LOAD system.o
LOAD main.o
LOAD process_init.o
START GROUP
LOAD /opt/gcc-coldfire/bin/../lib/gcc/m68k-elf/4.3.2/m5307/libgcc.a
END GROUP
                0x00000000                __DYNAMIC = 0x0
                0x00000000                PROVIDE (hardware_init_hook, 0x0)
                0x00000000                PROVIDE (_hardware_init_hook, 0x0)
                0x00000000                PROVIDE (software_init_hook, 0x0)
                0x00000000                PROVIDE (_software_init_hook, 0x0)

.text           0x10100000     0x12ee
 *(.text)
 .text          0x10100000       0x1e /tmp/ccUtAaf3.o
 *fill*         0x1010001e        0x2 00
 .text          0x10100020       0x54 /tmp/ccWEHxcZ.o
                0x10100020                release_proc_trap
 .text          0x10100074        0x8 /tmp/ccczolLV.o
                0x10100074                set_proc_priority_trap
 .text          0x1010007c        0x2 /tmp/ccyGiTxQ.o
                0x1010007c                get_proc_priority_trap
 *fill*         0x1010007e        0x2 00
 .text          0x10100080        0x2 /tmp/cce22K9K.o
                0x10100080                request_mem_block_trap
 *fill*         0x10100082        0x2 00
 .text          0x10100084        0x2 /tmp/cckvo7aG.o
                0x10100084                release_mem_block_trap
 *fill*         0x10100086        0x2 00
 .text          0x10100088        0x2 /tmp/ccigpDxB.o
                0x10100088                send_msg_trap
 *fill*         0x1010008a        0x2 00
 .text          0x1010008c        0x2 /tmp/ccAJJkJw.o
                0x1010008c                receive_msg_trap
 *fill*         0x1010008e        0x2 00
 .text          0x10100090       0x9a dbug.o
                0x101000b0                rtx_dbug_outs
                0x10100090                rtx_dbug_out_char
 *fill*         0x1010012a        0x2 00
 .text          0x1010012c      0x126 Hex_to_ASCII.o
                0x1010012c                printHexAddress
 *fill*         0x10100252        0x2 00
 .text          0x10100254       0x1a null_process.o
                0x10100254                null_process
 *fill*         0x1010026e        0x2 00
 .text          0x10100270       0xf4 dummy_processes.o
                0x10100334                test_proc_5
                0x1010031c                test_proc_4
                0x101002fc                test_proc_3
                0x10100270                test_proc_1
                0x101002dc                test_proc_2
                0x1010034c                test_proc_6
 .text          0x10100364      0xeee system.o
                0x10100364                sys_init
                0x10100f42                get_process_priority
                0x10100fc4                request_memory_block
                0x10100b34                set_process_priority
                0x10100986                send_message
                0x10100836                scheduler
                0x1010110e                release_memory_block
                0x101009f4                pop
                0x10100bcc                set_process_priority_trap_handler
                0x101009ea                receive_message
                0x1010093e                release_processor
                0x10100a62                push
 *fill*         0x10101252        0x2 00
 .text          0x10101254       0x1a main.o
                0x10101254                __main
                0x1010125e                main
 *fill*         0x1010126e        0x2 00
 .text          0x10101270        0x0 process_init.o
                0x10101270                . = ALIGN (0x4)
                0x10101270                __CTOR_LIST__ = .
                0x10101270        0x4 LONG 0x0 (((__CTOR_END__ - __CTOR_LIST__) / 0x4) - 0x2)
 *(.ctors)
                0x10101274        0x4 LONG 0x0
                0x10101278                __CTOR_END__ = .
                0x10101278                __DTOR_LIST__ = .
                0x10101278        0x4 LONG 0x0 (((__DTOR_END__ - __DTOR_LIST__) / 0x4) - 0x2)
 *(.dtors)
                0x1010127c        0x4 LONG 0x0
                0x10101280                __DTOR_END__ = .
 *(.rodata*)
 .rodata        0x10101280        0x3 Hex_to_ASCII.o
 .rodata        0x10101283        0x7 null_process.o
 .rodata        0x1010128a       0x54 process_init.o
                0x1010128a                process_init_table
 *(.gcc_except_table)
                0x101012de                __INIT_SECTION__ = .
                0x101012de        0x4 LONG 0x4e560000
 *(.init)
                0x101012e2        0x2 SHORT 0x4e5e
                0x101012e4        0x2 SHORT 0x4e75
                0x101012e6                __FINI_SECTION__ = .
                0x101012e6        0x4 LONG 0x4e560000
 *(.fini)
                0x101012ea        0x2 SHORT 0x4e5e
                0x101012ec        0x2 SHORT 0x4e75
                0x101012ee                _etext = .
 *(.lit)

.data           0x101012f0        0x8
 *(.shdata)
 *(.data)
 .data          0x101012f0        0x0 /tmp/ccUtAaf3.o
 .data          0x101012f0        0x0 /tmp/ccWEHxcZ.o
 .data          0x101012f0        0x0 /tmp/ccczolLV.o
 .data          0x101012f0        0x0 /tmp/ccyGiTxQ.o
 .data          0x101012f0        0x0 /tmp/cce22K9K.o
 .data          0x101012f0        0x0 /tmp/cckvo7aG.o
 .data          0x101012f0        0x0 /tmp/ccigpDxB.o
 .data          0x101012f0        0x0 /tmp/ccAJJkJw.o
 .data          0x101012f0        0x0 dbug.o
 .data          0x101012f0        0x0 Hex_to_ASCII.o
 .data          0x101012f0        0x0 null_process.o
 .data          0x101012f0        0x0 dummy_processes.o
 .data          0x101012f0        0x6 system.o
                0x101012f0                g_first_run
                0x101012f2                g_free_mem
 *fill*         0x101012f6        0x2 00
 .data          0x101012f8        0x0 main.o
 .data          0x101012f8        0x0 process_init.o
                0x101012f8                _edata = .

.bss            0x101012f8     0x11e0
                0x101012f8                __bss_start = .
 *(.shbss)
 *(.bss)
 .bss           0x101012f8        0x0 /tmp/ccUtAaf3.o
 .bss           0x101012f8        0x0 /tmp/ccWEHxcZ.o
 .bss           0x101012f8        0x0 /tmp/ccczolLV.o
 .bss           0x101012f8        0x0 /tmp/ccyGiTxQ.o
 .bss           0x101012f8        0x0 /tmp/cce22K9K.o
 .bss           0x101012f8        0x0 /tmp/cckvo7aG.o
 .bss           0x101012f8        0x0 /tmp/ccigpDxB.o
 .bss           0x101012f8        0x0 /tmp/ccAJJkJw.o
 .bss           0x101012f8        0x0 dbug.o
 .bss           0x101012f8        0x0 Hex_to_ASCII.o
 .bss           0x101012f8        0x0 null_process.o
 .bss           0x101012f8        0x0 dummy_processes.o
 .bss           0x101012f8        0x8 system.o
                0x101012fc                g_asmBridge
                0x101012f8                g_kernelStack
 .bss           0x10101300        0x0 main.o
 .bss           0x10101300        0x0 process_init.o
 *(COMMON)
 COMMON         0x10101300     0x1010 /tmp/ccUtAaf3.o
                0x10101300                old_stack
                0x10101310                main_stack
 COMMON         0x10102310      0x1c8 system.o
                0x10102310                g_queue_slots
                0x10102340                g_proc_table
                0x10102430                g_mem_blocking_queue
                0x10102462                gp_mem_pool_list
                0x1010246a                g_priority_queues
                0x1010249c                gp_mem_pool_lookup
                0x101024a4                g_mem_blocking_queue_slots
                0x101024d4                g_current_process
                0x101024d8                _end = ALIGN (0x8)
                0x101024d8                __end = _end

.stab
 *(.stab)

.stabstr
 *(.stabstr)

__REGISTER_RTX__
                0x10300000        0x0
                0x10300000                __REGISTER_RTX_ENTRY__ = <code 345> (.)
 *(__REGISTER_RTX__)
                0x10380000                __REGISTER_TEST_PROCS_ENTRY__ = 0x10380000
                0x10400000                __RTX_TEST_CODE_ENTRY__ = 0x10400000

__RTX_TEST_DATA__
 *(__RTX_TEST_DATA__)
OUTPUT(main.bin elf32-m68k)

.comment        0x00000000      0x111
 .comment       0x00000000       0x27 dbug.o
 .comment       0x00000027       0x27 Hex_to_ASCII.o
 .comment       0x0000004e       0x27 null_process.o
 .comment       0x00000075       0x27 dummy_processes.o
 .comment       0x0000009c       0x27 system.o
 .comment       0x000000c3       0x27 main.o
 .comment       0x000000ea       0x27 process_init.o
