
Allocating common symbols
Common symbol       size              file

g_queue_slots       0x38              system.o
g_proc_table        0x23e             main_rtx.o
g_mem_blocking_queue
                    0x32              system.o
gp_mem_pool_list    0x80              system.o
old_stack           0x4               /tmp/ccy3Sfc8.o
g_priority_queues   0x32              system.o
gp_mem_pool_lookup  0x20              system.o
main_stack          0x1000            /tmp/ccy3Sfc8.o
g_mem_blocking_queue_slots
                    0x38              system.o
g_current_process   0x4               system.o

Memory Configuration

Name             Origin             Length             Attributes
ram              0x10100000         0x00100000
*default*        0x00000000         0xffffffff

Linker script and memory map

LOAD /tmp/ccy3Sfc8.o
LOAD /tmp/ccq8tmQ6.o
LOAD /tmp/ccsiviG3.o
LOAD /tmp/cck1aV60.o
LOAD /tmp/ccKTQnt1.o
LOAD /tmp/cc4oGgq2.o
LOAD /tmp/ccOdDvB3.o
LOAD /tmp/cc8EC6B4.o
LOAD system.o
LOAD dbug.o
LOAD main_rtx.o
LOAD Hex_to_ASCII.o
START GROUP
LOAD /opt/gcc-coldfire/bin/../lib/gcc/m68k-elf/4.3.2/m5307/libgcc.a
END GROUP
                0x00000000                __DYNAMIC = 0x0
                0x00000000                PROVIDE (hardware_init_hook, 0x0)
                0x00000000                PROVIDE (_hardware_init_hook, 0x0)
                0x00000000                PROVIDE (software_init_hook, 0x0)
                0x00000000                PROVIDE (_software_init_hook, 0x0)

.text           0x10100000     0x189f
 *(.text)
 .text          0x10100000       0x1e /tmp/ccy3Sfc8.o
 *fill*         0x1010001e        0x2 00
 .text          0x10100020       0x54 /tmp/ccq8tmQ6.o
                0x10100020                release_proc_trap
 .text          0x10100074        0x8 /tmp/ccsiviG3.o
                0x10100074                set_proc_priority_trap
 .text          0x1010007c        0x8 /tmp/cck1aV60.o
                0x1010007c                get_proc_priority_trap
 .text          0x10100084        0x8 /tmp/ccKTQnt1.o
                0x10100084                request_mem_block_trap
 .text          0x1010008c        0x8 /tmp/cc4oGgq2.o
                0x1010008c                release_mem_block_trap
 .text          0x10100094        0x8 /tmp/ccOdDvB3.o
                0x10100094                send_msg_trap
 .text          0x1010009c        0x8 /tmp/cc8EC6B4.o
                0x1010009c                receive_msg_trap
 .text          0x101000a4     0x13b4 system.o
                0x10100666                send_message_trap_handler
                0x101000a4                sys_init
                0x10101440                null_process
                0x10100e7e                get_process_priority
                0x10100f8e                request_memory_block
                0x10100a8a                set_process_priority
                0x101005dc                send_message
                0x1010048c                scheduler
                0x1010111e                release_memory_block
                0x1010094a                pop
                0x1010089e                receive_message_trap_handler
                0x10101300                message_pop
                0x10100b1e                set_process_priority_trap_handler
                0x1010136e                message_push
                0x1010082e                receive_message
                0x101012e8                delayed_send
                0x10100fec                request_memory_block_trap_handler
                0x10100594                release_processor
                0x101009b8                push
                0x10100ef8                get_process_priority_trap_handler
                0x1010118e                release_memory_block_trap_handler
 .text          0x10101458       0x5c dbug.o
                0x10101478                rtx_dbug_outs
                0x10101458                rtx_dbug_out_char
 .text          0x101014b4      0x22e main_rtx.o
                0x101014b4                __main
                0x101014be                main
 *fill*         0x101016e2        0x2 00
 .text          0x101016e4      0x126 Hex_to_ASCII.o
                0x101016e4                printHexAddress
                0x1010180c                . = ALIGN (0x4)
 *fill*         0x1010180a        0x2 00
                0x1010180c                __CTOR_LIST__ = .
                0x1010180c        0x4 LONG 0x0 (((__CTOR_END__ - __CTOR_LIST__) / 0x4) - 0x2)
 *(.ctors)
                0x10101810        0x4 LONG 0x0
                0x10101814                __CTOR_END__ = .
                0x10101814                __DTOR_LIST__ = .
                0x10101814        0x4 LONG 0x0 (((__DTOR_END__ - __DTOR_LIST__) / 0x4) - 0x2)
 *(.dtors)
                0x10101818        0x4 LONG 0x0
                0x1010181c                __DTOR_END__ = .
 *(.rodata*)
 .rodata        0x1010181c       0x1c system.o
 .rodata        0x10101838       0x54 main_rtx.o
 .rodata        0x1010188c        0x3 Hex_to_ASCII.o
 *(.gcc_except_table)
                0x1010188f                __INIT_SECTION__ = .
                0x1010188f        0x4 LONG 0x4e560000
 *(.init)
                0x10101893        0x2 SHORT 0x4e5e
                0x10101895        0x2 SHORT 0x4e75
                0x10101897                __FINI_SECTION__ = .
                0x10101897        0x4 LONG 0x4e560000
 *(.fini)
                0x1010189b        0x2 SHORT 0x4e5e
                0x1010189d        0x2 SHORT 0x4e75
                0x1010189f                _etext = .
 *(.lit)

.data           0x101018a0        0x8
 *(.shdata)
 *(.data)
 .data          0x101018a0        0x0 /tmp/ccy3Sfc8.o
 .data          0x101018a0        0x0 /tmp/ccq8tmQ6.o
 .data          0x101018a0        0x0 /tmp/ccsiviG3.o
 .data          0x101018a0        0x0 /tmp/cck1aV60.o
 .data          0x101018a0        0x0 /tmp/ccKTQnt1.o
 .data          0x101018a0        0x0 /tmp/cc4oGgq2.o
 .data          0x101018a0        0x0 /tmp/ccOdDvB3.o
 .data          0x101018a0        0x0 /tmp/cc8EC6B4.o
 .data          0x101018a0        0x1 system.o
                0x101018a0                g_first_run
 *fill*         0x101018a1        0x3 00
 .data          0x101018a4        0x0 dbug.o
 .data          0x101018a4        0x4 main_rtx.o
                0x101018a4                g_free_mem
 .data          0x101018a8        0x0 Hex_to_ASCII.o
                0x101018a8                _edata = .

.bss            0x101018a8     0x13ce
                0x101018a8                __bss_start = .
 *(.shbss)
 *(.bss)
 .bss           0x101018a8        0x0 /tmp/ccy3Sfc8.o
 .bss           0x101018a8        0x0 /tmp/ccq8tmQ6.o
 .bss           0x101018a8        0x0 /tmp/ccsiviG3.o
 .bss           0x101018a8        0x0 /tmp/cck1aV60.o
 .bss           0x101018a8        0x0 /tmp/ccKTQnt1.o
 .bss           0x101018a8        0x0 /tmp/cc4oGgq2.o
 .bss           0x101018a8        0x0 /tmp/ccOdDvB3.o
 .bss           0x101018a8        0x0 /tmp/cc8EC6B4.o
 .bss           0x101018a8        0x8 system.o
                0x101018ac                g_asmBridge
                0x101018a8                g_kernelStack
 .bss           0x101018b0        0x0 dbug.o
 .bss           0x101018b0        0x0 main_rtx.o
 .bss           0x101018b0        0x0 Hex_to_ASCII.o
 *(COMMON)
 COMMON         0x101018b0     0x1010 /tmp/ccy3Sfc8.o
                0x101018b0                old_stack
                0x101018c0                main_stack
 COMMON         0x101028c0      0x178 system.o
                0x101028c0                g_queue_slots
                0x101028f8                g_mem_blocking_queue
                0x1010292a                gp_mem_pool_list
                0x101029aa                g_priority_queues
                0x101029dc                gp_mem_pool_lookup
                0x101029fc                g_mem_blocking_queue_slots
                0x10102a34                g_current_process
 COMMON         0x10102a38      0x23e main_rtx.o
                0x10102a38                g_proc_table
                0x10102c78                _end = ALIGN (0x8)
                0x10102c78                __end = _end

.stab
 *(.stab)

.stabstr
 *(.stabstr)

__REGISTER_RTX__
                0x10300000       0x84
                0x10300000                __REGISTER_RTX_ENTRY__ = <code 345> (.)
 *(__REGISTER_RTX__)
 __REGISTER_RTX__
                0x10300000       0x84 main_rtx.o
                0x10300000                register_rtx
                0x10380000                __REGISTER_TEST_PROCS_ENTRY__ = 0x10380000
                0x10400000                __RTX_TEST_CODE_ENTRY__ = 0x10400000

__RTX_TEST_DATA__
                0x10500000       0x5c
 *(__RTX_TEST_DATA__)
 __RTX_TEST_DATA__
                0x10500000       0x5c main_rtx.o
                0x10500020                g_test_proc
                0x10500000                g_test_fixture
OUTPUT(system.bin elf32-m68k)

.comment        0x00000000       0x9c
 .comment       0x00000000       0x27 system.o
 .comment       0x00000027       0x27 dbug.o
 .comment       0x0000004e       0x27 main_rtx.o
 .comment       0x00000075       0x27 Hex_to_ASCII.o
